// Jest Snapshot v1, https://goo.gl/fbAQLP

exports[`Molecule - Navbar should match the snapshot 1`] = `
<div>
  <div
    class="MuiBox-root css-1i9rmbe"
  >
    <div
      class="MuiGrid-root MuiGrid-container css-11lq3yg-MuiGrid-root"
    >
      <div
        class="MuiGrid-root MuiGrid-item MuiGrid-grid-xs-3 css-kgdgla-MuiGrid-root"
      />
      <div
        class="MuiGrid-root MuiGrid-item MuiGrid-grid-xs-6 css-1osj8n2-MuiGrid-root"
      >
        <a
          href="/"
          style="text-decoration: none; color: white;"
        >
          <h4
            class="MuiTypography-root MuiTypography-h4 css-149xwtl-MuiTypography-root"
          >
            Tordenhelm
          </h4>
        </a>
      </div>
      <div
        class="MuiGrid-root MuiGrid-item MuiGrid-grid-xs-3 css-kgdgla-MuiGrid-root"
      >
        <button
          class="MuiButtonBase-root MuiButton-root MuiButton-contained MuiButton-containedSecondary MuiButton-sizeMedium MuiButton-containedSizeMedium MuiButton-root MuiButton-contained MuiButton-containedSecondary MuiButton-sizeMedium MuiButton-containedSizeMedium css-zcbmsk-MuiButtonBase-root-MuiButton-root"
          data-testid="menu__button"
          tabindex="0"
          type="button"
        >
          <p
            class="MuiTypography-root MuiTypography-body1 css-ahj2mt-MuiTypography-root"
          >
            Menu
          </p>
          <span
            class="MuiTouchRipple-root css-8je8zh-MuiTouchRipple-root"
          />
        </button>
      </div>
    </div>
  </div>
</div>
`;
