// Jest Snapshot v1, https://goo.gl/fbAQLP

exports[`Page - List should match snapshot 1`] = `
<div>
  <ul
    class="MuiList-root MuiList-padding css-h4y409-MuiList-root"
  >
    <li
      class="MuiListItem-root MuiListItem-gutters MuiListItem-padding css-1p823my-MuiListItem-root"
    />
    <li
      class="MuiListItem-root MuiListItem-gutters MuiListItem-padding css-1p823my-MuiListItem-root"
    >
      <h3
        class="MuiTypography-root MuiTypography-h3 MuiTypography-alignCenter css-47suzj-MuiTypography-root"
      >
        Maps
      </h3>
    </li>
    <li
      class="MuiListItem-root MuiListItem-gutters MuiListItem-padding css-1p823my-MuiListItem-root"
    >
      <a
        href="/map/tordenhelm"
        style="text-decoration: none;"
      >
        <h5
          class="MuiTypography-root MuiTypography-h5 css-ag7rrr-MuiTypography-root"
          data-testid="link_typography"
        >
          Tordenhelm
        </h5>
      </a>
    </li>
    <li
      class="MuiListItem-root MuiListItem-gutters MuiListItem-padding css-1p823my-MuiListItem-root"
    >
      <a
        href="/list/the_nals"
        style="text-decoration: none;"
      >
        <h5
          class="MuiTypography-root MuiTypography-h5 css-ag7rrr-MuiTypography-root"
          data-testid="link_typography"
        >
          The Nals
        </h5>
      </a>
    </li>
  </ul>
  <ul
    class="MuiList-root MuiList-padding css-h4y409-MuiList-root"
  >
    <li
      class="MuiListItem-root MuiListItem-gutters MuiListItem-padding css-1p823my-MuiListItem-root"
    >
      <h2
        class="MuiTypography-root MuiTypography-h2 MuiTypography-alignCenter css-icizyq-MuiTypography-root"
      >
        Maps
      </h2>
    </li>
    <li
      class="MuiListItem-root MuiListItem-gutters MuiListItem-padding css-1p823my-MuiListItem-root"
    >
      <h3
        class="MuiTypography-root MuiTypography-h3 MuiTypography-alignCenter css-47suzj-MuiTypography-root"
      >
        The Nals
      </h3>
    </li>
    <li
      class="MuiListItem-root MuiListItem-gutters MuiListItem-padding css-1p823my-MuiListItem-root"
    >
      <a
        href="/list/the_nals_ctv"
        style="text-decoration: none;"
      >
        <h5
          class="MuiTypography-root MuiTypography-h5 css-ag7rrr-MuiTypography-root"
          data-testid="link_typography"
        >
          Cities, Towns & Villages
        </h5>
      </a>
    </li>
    <li
      class="MuiListItem-root MuiListItem-gutters MuiListItem-padding css-1p823my-MuiListItem-root"
    >
      <a
        href="/map/cirrain_coast"
        style="text-decoration: none;"
      >
        <h5
          class="MuiTypography-root MuiTypography-h5 css-ag7rrr-MuiTypography-root"
          data-testid="link_typography"
        >
          Cirrane Coast
        </h5>
      </a>
    </li>
  </ul>
  <ul
    class="MuiList-root MuiList-padding css-h4y409-MuiList-root"
  >
    <li
      class="MuiListItem-root MuiListItem-gutters MuiListItem-padding css-1p823my-MuiListItem-root"
    >
      <h2
        class="MuiTypography-root MuiTypography-h2 MuiTypography-alignCenter css-icizyq-MuiTypography-root"
      >
        Maps
      </h2>
    </li>
    <li
      class="MuiListItem-root MuiListItem-gutters MuiListItem-padding css-1p823my-MuiListItem-root"
    >
      <h3
        class="MuiTypography-root MuiTypography-h3 MuiTypography-alignCenter css-47suzj-MuiTypography-root"
      >
        Cities, Towns & Villages
      </h3>
    </li>
    <li
      class="MuiListItem-root MuiListItem-gutters MuiListItem-padding css-1p823my-MuiListItem-root"
    >
      <a
        href="/map/klilcaithness"
        style="text-decoration: none;"
      >
        <h5
          class="MuiTypography-root MuiTypography-h5 css-ag7rrr-MuiTypography-root"
          data-testid="link_typography"
        >
          Klilcaithness
        </h5>
      </a>
    </li>
    <li
      class="MuiListItem-root MuiListItem-gutters MuiListItem-padding css-1p823my-MuiListItem-root"
    >
      <a
        href="/map/shambles"
        style="text-decoration: none;"
      >
        <h5
          class="MuiTypography-root MuiTypography-h5 css-ag7rrr-MuiTypography-root"
          data-testid="link_typography"
        >
          The Shambles
        </h5>
      </a>
    </li>
  </ul>
  <ul
    class="MuiList-root MuiList-padding css-h4y409-MuiList-root"
  >
    <li
      class="MuiListItem-root MuiListItem-gutters MuiListItem-padding css-1p823my-MuiListItem-root"
    >
      <h2
        class="MuiTypography-root MuiTypography-h2 MuiTypography-alignCenter css-icizyq-MuiTypography-root"
      >
        Lore
      </h2>
    </li>
    <li
      class="MuiListItem-root MuiListItem-gutters MuiListItem-padding css-1p823my-MuiListItem-root"
    >
      <h3
        class="MuiTypography-root MuiTypography-h3 MuiTypography-alignCenter css-47suzj-MuiTypography-root"
      >
        Basic Overview
      </h3>
    </li>
    <li
      class="MuiListItem-root MuiListItem-gutters MuiListItem-padding css-1p823my-MuiListItem-root"
    >
      <a
        href="/content/alignment"
        style="text-decoration: none;"
      >
        <h5
          class="MuiTypography-root MuiTypography-h5 css-ag7rrr-MuiTypography-root"
          data-testid="link_typography"
        >
          Alignment
        </h5>
      </a>
    </li>
    <li
      class="MuiListItem-root MuiListItem-gutters MuiListItem-padding css-1p823my-MuiListItem-root"
    >
      <a
        href="/content/dead_gods"
        style="text-decoration: none;"
      >
        <h5
          class="MuiTypography-root MuiTypography-h5 css-ag7rrr-MuiTypography-root"
          data-testid="link_typography"
        >
          Dead Gods
        </h5>
      </a>
    </li>
  </ul>
</div>
`;
