// Jest Snapshot v1, https://goo.gl/fbAQLP

exports[`Page - Map should match snapshot 1`] = `
<div>
  <span
    class="MuiSkeleton-root MuiSkeleton-text MuiSkeleton-pulse css-19vxxfm-MuiSkeleton-root"
  />
  <span
    class="MuiSkeleton-root MuiSkeleton-rectangular MuiSkeleton-pulse css-58ftfq-MuiSkeleton-root"
    style="height: 300px;"
  />
</div>
`;
