// Jest Snapshot v1, https://goo.gl/fbAQLP

exports[`Template - Main should match snapshot 1`] = `
<div>
  <div
    class="MuiContainer-root MuiContainer-maxWidthLg css-1oqqzyl-MuiContainer-root"
  >
    <div
      class="MuiGrid-root MuiGrid-container MuiGrid-direction-xs-column css-1vpwcmr-MuiGrid-root"
    >
      <div
        class="MuiGrid-root MuiGrid-item css-zs5l8h-MuiGrid-root"
      >
        <div
          class="MuiBox-root css-1i9rmbe"
        >
          <div
            class="MuiGrid-root MuiGrid-container css-hwacae-MuiGrid-root"
          >
            <div
              class="MuiGrid-root MuiGrid-item MuiGrid-grid-xs-2 css-1o7apob-MuiGrid-root"
            />
            <div
              class="MuiGrid-root MuiGrid-item MuiGrid-grid-xs-7 css-uqwprf-MuiGrid-root"
            >
              <a
                href="/"
                style="text-decoration: none; color: white;"
              >
                <h3
                  class="MuiTypography-root MuiTypography-h3 css-gepadz-MuiTypography-root"
                >
                  Tordenhelm
                </h3>
              </a>
            </div>
            <div
              class="MuiGrid-root MuiGrid-item MuiGrid-grid-xs-3 css-1equabv-MuiGrid-root"
            >
              <button
                class="MuiButtonBase-root MuiButton-root MuiButton-contained MuiButton-containedSecondary MuiButton-sizeMedium MuiButton-containedSizeMedium MuiButton-root MuiButton-contained MuiButton-containedSecondary MuiButton-sizeMedium MuiButton-containedSizeMedium css-zcbmsk-MuiButtonBase-root-MuiButton-root"
                data-testid="menu__button"
                tabindex="0"
                type="button"
              >
                <p
                  class="MuiTypography-root MuiTypography-body1 css-ahj2mt-MuiTypography-root"
                >
                  Menu
                </p>
                <span
                  class="MuiTouchRipple-root css-8je8zh-MuiTouchRipple-root"
                />
              </button>
            </div>
          </div>
        </div>
      </div>
      <div
        class="MuiGrid-root MuiGrid-item css-1kyi2hg-MuiGrid-root"
      >
        <div>
          Test
        </div>
      </div>
    </div>
  </div>
  <div>
    <div>
      <div
        class="PrivateSwipeArea-root css-17j2vre"
        style="height: 20px;"
      />
    </div>
  </div>
</div>
`;
