// Jest Snapshot v1, https://goo.gl/fbAQLP

exports[`Atom - TextBlock should render correctly given the correct props 1`] = `
<div>
  <p
    class="MuiTypography-root MuiTypography-body1 css-z8a1na-MuiTypography-root"
  >
    This is a 
  </p>
  <a
    href="/route/to/test"
    style="text-decoration: none;"
  >
    <p
      class="MuiTypography-root MuiTypography-body1 css-1a8fco1-MuiTypography-root"
      data-testid="link_typography"
    >
      Test
    </p>
  </a>
  <p
    class="MuiTypography-root MuiTypography-body1 css-z8a1na-MuiTypography-root"
  />
</div>
`;
